<html>
<body>
<pre>
<h1>礦ision Build Log</h1>
<h2>Tool Versions:</h2>
IDE-Version: μVision V5.38.0.0
Copyright (C) 2022 ARM Ltd and ARM Germany GmbH. All rights reserved.
License Information: Boaty Yu, WHU, LIC=WHYH9-414KZ-SBFEJ-U4SW3-85HI3-M5TMY
 
Tool Versions:
Toolchain:       MDK-ARM Plus  Version: 5.38.0.0
Toolchain Path:  C:\Keil_v5\ARM\ARMCC\Bin
C Compiler:      Armcc.exe V5.06 update 3 (build 300)
Assembler:       Armasm.exe V5.06 update 3 (build 300)
Linker/Locator:  ArmLink.exe V5.06 update 3 (build 300)
Library Manager: ArmAr.exe V5.06 update 3 (build 300)
Hex Converter:   FromElf.exe V5.06 update 3 (build 300)
CPU DLL:         SARMCM3.DLL V5.38.0.0
Dialog DLL:      DCM.DLL V1.17.5.0
Target DLL:      STLink\ST-LINKIII-KEIL_SWO.dll V3.1.0.0
Dialog DLL:      TCM.DLL V1.56.4.0
 
<h2>Project:</h2>
d:\WHU Files\项目材料\项目材料\技术和笔记\算法控制\USER\T9INPUT.uvprojx
Project File Date:  12/09/2022

<h2>Output:</h2>
*** Using Compiler 'V5.06 update 3 (build 300)', folder: 'C:\Keil_v5\ARM\ARMCC\Bin'
Build target 'T9INPUT'
compiling main.c...
main.c(44): warning:  #177-D: variable "i" was declared but never referenced
  	u16 i;
main.c(94): warning:  #177-D: variable "j" was declared but never referenced
  	u16 i,j;
main.c(196): warning:  #550-D: variable "result_num" was set but never used
  	u8 result_num;
main.c(197): warning:  #550-D: variable "cur_index" was set but never used
  	u8 cur_index;
main.c(198): warning:  #550-D: variable "key" was set but never used
  	u8 key;
main.c(201): warning:  #550-D: variable "inputlen" was set but never used
  	u8 inputlen;		            //???氤???
main.c(202): warning:  #177-D: variable "j" was declared but never referenced
  	u8 j=0,t=0;
main.c(202): warning:  #177-D: variable "t" was declared but never referenced
  	u8 j=0,t=0;
main.c(203): warning:  #177-D: variable "cnt" was declared but never referenced
  	u8 cnt=0;
main.c(207): warning:  #177-D: variable "count2" was declared but never referenced
  	u8 count2 = 0;
main.c: 10 warnings, 0 errors
linking...
Program Size: Code=45888 RO-data=19352 RW-data=204 ZI-data=33746724  
FromELF: creating hex file...
"..\OBJ\T9INPUT.axf" - 0 Error(s), 10 Warning(s).

<h2>Software Packages used:</h2>

Package Vendor: Keil
                http://www.keil.com/pack/Keil.STM32F4xx_DFP.2.15.0.pack
                Keil.STM32F4xx_DFP.2.15.0
                STMicroelectronics STM32F4 Series Device Support, Drivers and Examples

<h2>Collection of Component include folders:</h2>
  C:/Users/boaty/AppData/Local/Arm/Packs/Keil/STM32F4xx_DFP/2.15.0/Drivers/CMSIS/Device/ST/STM32F4xx/Include

<h2>Collection of Component Files used:</h2>
Build Time Elapsed:  00:00:02
</pre>
</body>
</html>
